// Jest Snapshot v1, https://goo.gl/fbAQLP

exports[`Archive should render correctly with blog posts 1`] = `
<section
  className="blog mt-5"
>
  <Container>
    <BlogListings
      blogPosts={
        Array [
          Object {
            "category": "Food",
            "date": "1970-01-01T00:00:00.000Z",
            "excerpt": "Lorem ipsum dolor sit amet, consectetur adipisicing elit. Est fugiat harum obcaecati pariatur sint tempore unde. Aperiam commodi distinctio earum eligendi, enim itaque laudantium magni neque porro temporibus vitae voluptatum?",
            "imageURL": "https://via.placeholder.com/350x350",
            "postId": "1",
            "title": "Test title",
            "user": Object {
              "displayName": "User displayName 1",
              "id": 1,
            },
          },
          Object {
            "category": "Travel",
            "date": "1970-01-06T00:00:00.000Z",
            "excerpt": "Test excerpt 2",
            "imageURL": "https://via.placeholder.com/200x200",
            "postId": "2",
            "title": "Test title 2",
            "user": Object {
              "displayName": "User displayName 2",
              "id": 2,
            },
          },
          Object {
            "category": "Food",
            "date": "1969-12-27T00:00:00.000Z",
            "excerpt": "3 Lorem ipsum dolor",
            "imageURL": "https://via.placeholder.com/250x250",
            "postId": "3",
            "title": "Test title 3",
            "user": Object {
              "displayName": "User displayName 3",
              "id": 3,
            },
          },
        ]
      }
    />
  </Container>
</section>
`;

exports[`Archive should render correctly with no blog posts 1`] = `
<section
  className="blog mt-5"
>
  <Container>
    <BlogListings />
  </Container>
</section>
`;
