// Jest Snapshot v1, https://goo.gl/fbAQLP

exports[`Container should render correctly with children 1`] = `
<div
  className="container"
>
  <div>
    Test HTML
  </div>
</div>
`;

exports[`Container should render empty with no children 1`] = `""`;
